
<!DOCTYPE html>
<html lang="en">
<head>
    <title>My amazing blog!</title>
    <meta charset="UTF-8"/>
    <meta name="description" content="Wow, like and subscribe, it really helps the channel guys" lang="en"/>
</head>
<body>
<nav role="navigation">
    <div>
        <h1>Budding Gopher's blog</h1>
        <ul>
            <li><a href="/">home</a></li>
            <li><a href="about">about</a></li>
            <li><a href="archive">archive</a></li>
        </ul>
    </div>
</nav>
<main>

<ol><li><a href="/post/hello-world">Hello world</a></li><li><a href="/post/hello-test">Hello test</a></li></ol>

</main>
<footer>
    <ul>
        <li><a href="https://x.com/cqsdev">Twitter</a></li>
        <li><a href="https://github.com/cristianqsanchez">GitHub</a></li>
    </ul>
</footer>
</body>
</html>

